******************************************************************************
                  TI ARM Linker PC v18.12.2                    
******************************************************************************
>> Linked Mon Sep 15 11:13:31 2025

OUTPUT FILE NAME:   <uart.out>
ENTRY POINT SYMBOL: "_c_int00_noinit_noargs"  address: 00000755


MEMORY CONFIGURATION

         name            origin    length      used     unused   attr    fill
----------------------  --------  ---------  --------  --------  ----  --------
  FLASH                 00000000   00040000  00000906  0003f6fa  R  X
  SRAM                  20000000   00008000  00000100  00007f00  RW X


SEGMENT ALLOCATION MAP

run origin  load origin   length   init length attrs members
----------  ----------- ---------- ----------- ----- -------
00000000    00000000    00000908   00000908    r-x
  00000000    00000000    0000026c   0000026c    r-- .intvecs
  0000026c    0000026c    0000059e   0000059e    r-x .text
  0000080c    0000080c    000000fc   000000fc    r-- .const
20000000    20000000    00000100   00000000    rw-
  20000000    20000000    00000100   00000000    rw- .stack


SECTION ALLOCATION MAP

 output                                  attributes/
section   page    origin      length       input sections
--------  ----  ----------  ----------   ----------------
.intvecs   0    00000000    0000026c     
                  00000000    0000026c     startup_ccs.obj (.intvecs)

.text      0    0000026c    0000059e     
                  0000026c    0000016c     driverlib.lib : gpio.obj (.text:GPIOPadConfigSet)
                  000003d8    00000118                   : sysctl.obj (.text:SysCtlClockGet)
                  000004f0    000000f4                   : sysctl.obj (.text:SysCtlClockSet)
                  000005e4    0000004c                   : gpio.obj (.text:GPIOPinConfigure)
                  00000630    00000048     uart.obj (.text:UARTInit)
                  00000678    00000046     driverlib.lib : uart.obj (.text:UARTConfigSetExpClk)
                  000006be    00000002     startup_ccs.obj (.text:FaultISR)
                  000006c0    00000034     driverlib.lib : sysctl.obj (.text:SysCtlPeripheralEnable)
                  000006f4    00000034     uart.obj (.text:main)
                  00000728    0000002c     driverlib.lib : gpio.obj (.text:GPIODirModeSet)
                  00000754    0000002c     rtsv7M4_T_le_v4SPD16_eabi.lib : boot_cortex_m.c.obj (.text:_c_int00_noinit_noargs:_c_int00_noinit_noargs)
                  00000780    00000020     driverlib.lib : uart.obj (.text:UARTDisable)
                  000007a0    0000001c     uart.obj (.text:UARTPrint)
                  000007bc    00000016     driverlib.lib : gpio.obj (.text:GPIOPinTypeUART)
                  000007d2    00000014                   : uart.obj (.text:UARTEnable)
                  000007e6    0000000a                   : uart.obj (.text:UARTCharPut)
                  000007f0    00000006     startup_ccs.obj (.text:ResetISR)
                  000007f6    00000006     driverlib.lib : sysctl.obj (.text:SysCtlDelay)
                  000007fc    00000004     rtsv7M4_T_le_v4SPD16_eabi.lib : pre_init.c.obj (.text:_system_pre_init)
                  00000800    00000004                                   : exit.c.obj (.text:abort:abort)
                  00000804    00000002     startup_ccs.obj (.text:IntDefaultHandler)
                  00000806    00000002     startup_ccs.obj (.text:NmiSR)
                  00000808    00000002     uart.obj (.text:UARTIntHandler)

.const     0    0000080c    000000fc     
                  0000080c    00000090     driverlib.lib : gpio.obj (.const:g_pui32GPIOBaseAddrs)
                  0000089c    0000006c                   : sysctl.obj (.const:g_pui32Xtals)

.cinit     0    00000000    00000000     UNINITIALIZED

.init_array 
*          0    00000000    00000000     UNINITIALIZED

.stack     0    20000000    00000100     UNINITIALIZED
                  20000000    00000004     rtsv7M4_T_le_v4SPD16_eabi.lib : boot_cortex_m.c.obj (.stack)
                  20000004    000000fc     --HOLE--

.binit     0    00000000    00000000     

MODULE SUMMARY

       Module                code   ro data   rw data
       ------                ----   -------   -------
    .\
       startup_ccs.obj       12     620       0      
       uart.obj              154    0         0      
    +--+---------------------+------+---------+---------+
       Total:                166    620       0      
                                                     
    C:/ti/TivaWare_C_Series-2.2.0.295/driverlib/ccs/Debug/driverlib.lib
       sysctl.obj            582    108       0      
       gpio.obj              506    144       0      
       uart.obj              132    0         0      
    +--+---------------------+------+---------+---------+
       Total:                1220   252       0      
                                                     
    C:\ti\ti-cgt-arm_18.12.2.LTS\lib\rtsv7M4_T_le_v4SPD16_eabi.lib
       boot_cortex_m.c.obj   44     0         0      
       exit.c.obj            4      0         0      
       pre_init.c.obj        4      0         0      
    +--+---------------------+------+---------+---------+
       Total:                52     0         0      
                                                     
       Stack:                0      0         256    
    +--+---------------------+------+---------+---------+
       Grand Total:          1438   872       256    


GLOBAL SYMBOLS: SORTED ALPHABETICALLY BY Name 

address   name                  
-------   ----                  
00000801  C$$EXIT               
00000729  GPIODirModeSet        
0000026d  GPIOPadConfigSet      
000005e5  GPIOPinConfigure      
000007bd  GPIOPinTypeUART       
000007f1  ResetISR              
000003d9  SysCtlClockGet        
000004f1  SysCtlClockSet        
000007f7  SysCtlDelay           
000006c1  SysCtlPeripheralEnable
000007e7  UARTCharPut           
00000679  UARTConfigSetExpClk   
00000781  UARTDisable           
000007d3  UARTEnable            
00000631  UARTInit              
00000809  UARTIntHandler        
000007a1  UARTPrint             
20000100  __STACK_END           
00000100  __STACK_SIZE          
20000100  __STACK_TOP           
ffffffff  __TI_pprof_out_hndl   
ffffffff  __TI_prof_data_size   
ffffffff  __TI_prof_data_start  
00000000  __TI_static_base__    
ffffffff  __binit__             
ffffffff  __c_args__            
UNDEFED   __mpu_init            
20000000  __stack               
00000755  _c_int00_noinit_noargs
000007fd  _system_pre_init      
00000801  abort                 
ffffffff  binit                 
00000000  g_pfnVectors          
000006f5  main                  


GLOBAL SYMBOLS: SORTED BY Symbol Address 

address   name                  
-------   ----                  
00000000  __TI_static_base__    
00000000  g_pfnVectors          
00000100  __STACK_SIZE          
0000026d  GPIOPadConfigSet      
000003d9  SysCtlClockGet        
000004f1  SysCtlClockSet        
000005e5  GPIOPinConfigure      
00000631  UARTInit              
00000679  UARTConfigSetExpClk   
000006c1  SysCtlPeripheralEnable
000006f5  main                  
00000729  GPIODirModeSet        
00000755  _c_int00_noinit_noargs
00000781  UARTDisable           
000007a1  UARTPrint             
000007bd  GPIOPinTypeUART       
000007d3  UARTEnable            
000007e7  UARTCharPut           
000007f1  ResetISR              
000007f7  SysCtlDelay           
000007fd  _system_pre_init      
00000801  C$$EXIT               
00000801  abort                 
00000809  UARTIntHandler        
20000000  __stack               
20000100  __STACK_END           
20000100  __STACK_TOP           
ffffffff  __TI_pprof_out_hndl   
ffffffff  __TI_prof_data_size   
ffffffff  __TI_prof_data_start  
ffffffff  __binit__             
ffffffff  __c_args__            
ffffffff  binit                 
UNDEFED   __mpu_init            

[34 symbols]
